[tmt-fashion-1.mysapo.net/index.html]
[backblue.gif]
[fade.gif]
[index.html]
[bizweb.dktcdn.net/100/343/333/themes/702394/assets/favicon4fcc.png]
[bizweb.dktcdn.net/100/343/333/themes/702394/assets/all4fcc.css]
[bizweb.dktcdn.net/100/343/333/themes/702394/assets/style4fcc.css]
[bizweb.dktcdn.net/100/343/333/themes/702394/assets/bootstrap.min4fcc.js]
[bizweb.dktcdn.net/100/343/333/themes/702394/assets/responsives4fcc.css]
[maxcdn.bootstrapcdn.com/font-awesome/4.3.0/css/font-awesome.min.css]
[stats.bizweb.vn/delivery/343333e034.js]
[bizweb.dktcdn.net/100/343/333/themes/702394/assets/jquery.min4fcc.js]
[bizweb.dktcdn.net/assets/themes_support/api.jquerya87f.js]
[tmt-fashion-1.mysapo.net/cart.html]
[theme.hstatic.net/1000319111/1000411564/14/cart-icond59e.png]
[bizweb.dktcdn.net/100/343/333/themes/702394/assets/logo4fcc.png]
[tmt-fashion-1.mysapo.net/gioi-thieu.html]
[tmt-fashion-1.mysapo.net/collections/all.html]
[tmt-fashion-1.mysapo.net/san-pham-moi.html]
[tmt-fashion-1.mysapo.net/san-pham-noi-bat.html]
[tmt-fashion-1.mysapo.net/tin-tuc.html]
[tmt-fashion-1.mysapo.net/lien-he.html]
[theme.hstatic.net/1000324393/1000429977/14/pic-search4f7c.png]
[tmt-fashion-1.mysapo.net/account/login5e16.html]
[bizweb.dktcdn.net/100/343/333/themes/702394/assets/slide-img14fcc.jpg]
[bizweb.dktcdn.net/100/343/333/themes/702394/assets/slide-img24fcc.jpg]
[tmt-fashion-1.mysapo.net/account/login.html]
[bizweb.dktcdn.net/100/343/333/themes/702394/assets/xxx_44fcc.jpg]
[bizweb.dktcdn.net/100/343/333/themes/702394/assets/xxx_54fcc.jpg]
[bizweb.dktcdn.net/thumb/medium/100/343/333/products/0050150405-2-2-16c415.jpg]
[bizweb.dktcdn.net/thumb/grande/100/343/333/products/0050150405-2-2-16c415.jpg]
[tmt-fashion-1.mysapo.net/hooded-houndstooth-blazer.html]
[bizweb.dktcdn.net/100/343/333/products/0050150405-2-2-16c415.jpg]
[bizweb.dktcdn.net/thumb/grande/100/343/333/products/7000322400-6-1-164835.jpg]
[bizweb.dktcdn.net/thumb/medium/100/343/333/products/3444444505-1-1-16cefa.jpg]
[tmt-fashion-1.mysapo.net/down-gilet-with-contrast-piping.html]
[bizweb.dktcdn.net/thumb/grande/100/343/333/products/3444444505-1-1-16cefa.jpg]
[bizweb.dktcdn.net/100/343/333/products/3444444505-1-1-16cefa.jpg]
[bizweb.dktcdn.net/thumb/grande/100/343/333/products/3444444505-2-1-16693f.jpg]
[bizweb.dktcdn.net/thumb/medium/100/343/333/products/3329426800-2-2-169c72.jpg]
[tmt-fashion-1.mysapo.net/black-nappa-seamed-jacket.html]
[bizweb.dktcdn.net/thumb/grande/100/343/333/products/3329426800-2-2-169c72.jpg]
[bizweb.dktcdn.net/100/343/333/products/3329426800-2-2-169c72.jpg]
[bizweb.dktcdn.net/thumb/grande/100/343/333/products/3329426800-1-1-169c72.jpg]
[tmt-fashion-1.mysapo.net/travel-suit-slim-fit-striped-wool-blazer.html]
[bizweb.dktcdn.net/thumb/medium/100/343/333/products/2049298401-1-1-166ff6.jpg]
[bizweb.dktcdn.net/thumb/grande/100/343/333/products/2049298401-1-1-166ff6.jpg]
[bizweb.dktcdn.net/100/343/333/products/2049298401-1-1-166ff6.jpg]
[bizweb.dktcdn.net/thumb/grande/100/343/333/products/2049298401-2-1-16f1f3.jpg]
[tmt-fashion-1.mysapo.net/slim-fit-wool-blazer-with-pockets.html]
[bizweb.dktcdn.net/thumb/medium/100/343/333/products/2002203401-2-3-16747f.jpg]
[bizweb.dktcdn.net/thumb/grande/100/343/333/products/2002203401-2-3-16747f.jpg]
[bizweb.dktcdn.net/100/343/333/products/2002203401-2-3-16747f.jpg]
[bizweb.dktcdn.net/thumb/grande/100/343/333/products/2002203401-2-1-16747f.jpg]
[tmt-fashion-1.mysapo.net/ao-thun-corduroy.html]
[bizweb.dktcdn.net/thumb/medium/100/343/333/products/0760154606-1-1-1691f4.jpg]
[bizweb.dktcdn.net/thumb/grande/100/343/333/products/0760154606-1-1-1691f4.jpg]
[bizweb.dktcdn.net/100/343/333/products/0760154606-1-1-1691f4.jpg]
[bizweb.dktcdn.net/thumb/grande/100/343/333/products/0760154606-2-1-167328.jpg]
[bizweb.dktcdn.net/100/343/333/themes/702394/assets/xxx_64fcc.jpg]
[bizweb.dktcdn.net/100/343/333/themes/702394/assets/xxx_74fcc.jpg]
[bizweb.dktcdn.net/thumb/medium/100/343/333/products/6744538800-1-1-166217.jpg]
[tmt-fashion-1.mysapo.net/black-velvet-jacket.html]
[bizweb.dktcdn.net/thumb/grande/100/343/333/products/6744538800-1-1-166217.jpg]
[bizweb.dktcdn.net/100/343/333/products/6744538800-1-1-166217.jpg]
[bizweb.dktcdn.net/thumb/grande/100/343/333/products/6744538800-2-1-16bace.jpg]
[tmt-fashion-1.mysapo.net/fringed-dress-with-bow.html]
[bizweb.dktcdn.net/thumb/medium/100/343/333/products/6682729807-1-1-1600dd.jpg]
[bizweb.dktcdn.net/thumb/grande/100/343/333/products/6682729807-1-1-1600dd.jpg]
[bizweb.dktcdn.net/100/343/333/products/6682729807-1-1-1600dd.jpg]
[bizweb.dktcdn.net/thumb/grande/100/343/333/products/6682729807-2-1-16b023.jpg]
[tmt-fashion-1.mysapo.net/pleated-dress.html]
[bizweb.dktcdn.net/thumb/medium/100/343/333/products/6633730800-1-1-162075.jpg]
[bizweb.dktcdn.net/thumb/grande/100/343/333/products/6633730800-1-1-162075.jpg]
[bizweb.dktcdn.net/100/343/333/products/6633730800-1-1-162075.jpg]
[bizweb.dktcdn.net/thumb/grande/100/343/333/products/6633730800-2-1-16de03.jpg]
[tmt-fashion-1.mysapo.net/black-belted-wool-coat.html]
[bizweb.dktcdn.net/thumb/medium/100/343/333/products/6456723800-1-1-165caf.jpg]
[bizweb.dktcdn.net/thumb/grande/100/343/333/products/6456723800-1-1-165caf.jpg]
[bizweb.dktcdn.net/100/343/333/products/6456723800-1-1-165caf.jpg]
[bizweb.dktcdn.net/thumb/grande/100/343/333/products/6456723800-2-1-1683d3.jpg]
[tmt-fashion-1.mysapo.net/sparkly-navy-textured-sweater.html]
[bizweb.dktcdn.net/thumb/medium/100/343/333/products/5623706401-1-1-16-1dbb3.jpg]
[bizweb.dktcdn.net/thumb/grande/100/343/333/products/5623706401-1-1-16-1dbb3.jpg]
[bizweb.dktcdn.net/100/343/333/products/5623706401-1-1-16-1dbb3.jpg]
[bizweb.dktcdn.net/thumb/grande/100/343/333/products/5623706401-1-1-1603aa.jpg]
[tmt-fashion-1.mysapo.net/floral-print-shirt-with-pockets.html]
[bizweb.dktcdn.net/thumb/medium/100/343/333/products/5127894401-2-2-168644.jpg]
[bizweb.dktcdn.net/thumb/grande/100/343/333/products/5127894401-2-2-168644.jpg]
[bizweb.dktcdn.net/100/343/333/products/5127894401-2-2-168644.jpg]
[bizweb.dktcdn.net/thumb/grande/100/343/333/products/5127894401-2-4-162f24.jpg]
[tmt-fashion-1.mysapo.net/suit-nam-mau-xanh-mac-sao-cho-dep.html]
[bizweb.dktcdn.net/thumb/grande/100/343/333/articles/blog1-master2db1.jpg]
[tmt-fashion-1.mysapo.net/nguyen-tac-phoi-do-tao-diem-cong-khi-di-xin-viec.html]
[bizweb.dktcdn.net/thumb/grande/100/343/333/articles/blog2-masterf663.jpg]
[bizweb.dktcdn.net/thumb/grande/100/343/333/articles/blog3-masterd6c2.jpg]
[tmt-fashion-1.mysapo.net/9-tip-ngan-phai-thuoc-nam-long-khi-dien-suit-nam.html]
[bizweb.dktcdn.net/100/343/333/themes/702394/assets/brand14fcc.png]
[bizweb.dktcdn.net/100/343/333/themes/702394/assets/brand24fcc.png]
[bizweb.dktcdn.net/100/343/333/themes/702394/assets/brand34fcc.png]
[bizweb.dktcdn.net/100/343/333/themes/702394/assets/brand44fcc.png]
[bizweb.dktcdn.net/100/343/333/themes/702394/assets/brand54fcc.png]
[bizweb.dktcdn.net/100/343/333/themes/702394/assets/brand64fcc.png]
[bizweb.dktcdn.net/100/343/333/themes/702394/assets/brand74fcc.png]
[bizweb.dktcdn.net/100/343/333/themes/702394/assets/brand84fcc.png]
[bizweb.dktcdn.net/100/343/333/themes/702394/assets/logo-ft4fcc.png]
[bizweb.dktcdn.net/100/343/333/themes/702394/assets/payment-icon4fcc.png]
[bizweb.dktcdn.net/100/343/333/themes/702394/assets/opc-ajax-loader4fcc.gif]
[bizweb.dktcdn.net/100/172/651/files/no-image772e.png]
[bizweb.dktcdn.net/100/343/333/themes/702394/assets/common4fcc.js]
[bizweb.dktcdn.net/100/343/333/themes/702394/assets/main4fcc.js]
[bizweb.dktcdn.net/100/343/333/themes/702394/assets/cs.script4fcc.js]
[tmt-fashion-1.mysapo.net/index.html]
[bizweb.dktcdn.net/assets/themes_support/option-selectorsa87f.js]
[bizweb.dktcdn.net/100/343/333/themes/702394/assets/all4fcc.js]
[bizweb.dktcdn.net/100/343/333/themes/702394/assets/owl.video.play.png]
[bizweb.dktcdn.net/100/343/333/themes/702394/assets/fonts/flexslider-icon.eot]
[bizweb.dktcdn.net/100/343/333/themes/702394/assets/fonts/flexslider-icond41d.eot]
[bizweb.dktcdn.net/100/343/333/themes/702394/assets/fonts/flexslider-icon.woff]
[bizweb.dktcdn.net/100/343/333/themes/702394/assets/fonts/flexslider-icon.ttf]
[bizweb.dktcdn.net/100/343/333/themes/702394/assets/fonts/flexslider-icon.svg]
[bizweb.dktcdn.net/100/343/333/themes/702394/assets/all4fcc.css]
[bizweb.dktcdn.net/100/343/333/themes/702394/assets/close.gif]
[bizweb.dktcdn.net/100/343/333/themes/702394/assets/slider-left1bdb.png]
[bizweb.dktcdn.net/100/343/333/themes/702394/assets/img/icon/slider-left-hover.png]
[bizweb.dktcdn.net/100/343/333/themes/702394/assets/img/icon/slider-right-hover.png]
[bizweb.dktcdn.net/100/343/333/themes/702394/assets/slider-right1bdb.png]
[bizweb.dktcdn.net/100/343/333/themes/702394/assets/img/bg/bg2.jpg]
[bizweb.dktcdn.net/100/343/333/themes/702394/assets/bg11bdb.jpg]
[bizweb.dktcdn.net/100/343/333/themes/702394/assets/testimonial-icon1bdb.png]
[bizweb.dktcdn.net/100/343/333/themes/702394/assets/img/bg/service-bg1.jpg]
[bizweb.dktcdn.net/100/343/333/themes/702394/assets/img/bg/service-bg2.jpg]
[bizweb.dktcdn.net/100/343/333/themes/702394/assets/img/bg/service-bg3.jpg]
[bizweb.dktcdn.net/100/343/333/themes/702394/assets/img/bg/service-bg4.jpg]
[bizweb.dktcdn.net/100/343/333/themes/702394/assets/img/bg/contact2-social.jpg]
[bizweb.dktcdn.net/100/343/333/themes/702394/assets/fancybox_sprite.png]
[bizweb.dktcdn.net/100/343/333/themes/702394/assets/fancybox_sprite1bdb.png]
[bizweb.dktcdn.net/100/343/333/themes/702394/images/arr-down.png]
[bizweb.dktcdn.net/100/343/333/themes/702394/assets/check-ser1bdb.png]
[bizweb.dktcdn.net/100/343/333/themes/702394/assets/pic-search1bdb.png]
[bizweb.dktcdn.net/100/342/870/themes/702135/assets/ico-select4cfb.png]
[bizweb.dktcdn.net/100/343/333/themes/702394/assets/style4fcc.css]
[bizweb.dktcdn.net/100/343/333/themes/702394/assets/responsives4fcc.css]
[maxcdn.bootstrapcdn.com/font-awesome/4.3.0/css/font-awesome.min.css]
[bizweb.dktcdn.net/100/343/333/themes/702394/assets/empty_cart4fcc.png]
[tmt-fashion-1.mysapo.net/cart.html]
[file.hstatic.net/1000343889/file/founders_grande.jpg]
[tmt-fashion-1.mysapo.net/gioi-thieu.html]
[tmt-fashion-1.mysapo.net/collections/all.html]
[tmt-fashion-1.mysapo.net/san-pham-moi.html]
[tmt-fashion-1.mysapo.net/san-pham-noi-bat.html]
[bizweb.dktcdn.net/100/343/333/articles/blog1-master2db1.jpg]
[bizweb.dktcdn.net/100/343/333/articles/blog2-masterf663.jpg]
[bizweb.dktcdn.net/100/343/333/articles/blog3-masterd6c2.jpg]
[bizweb.dktcdn.net/100/343/333/themes/702394/assets/shop-sidebar-blog4fcc.jpg]
[tmt-fashion-1.mysapo.net/tin-tuc/chuyen-an-mac.html]
[tmt-fashion-1.mysapo.net/tin-tuc.html]
[bizweb.dktcdn.net/100/343/333/themes/702394/assets/jquery.gmap.min4fcc.js]
[tmt-fashion-1.mysapo.net/tin-tuc/do-cong-so.html]
[www.google.com/recaptcha/apif78f.js]
[tmt-fashion-1.mysapo.net/lien-he.html]
[bizweb.dktcdn.net/100/343/333/themes/702394/assets/custommer4fcc.css]
[bizweb.dktcdn.net/assets/themes_support/commona87f.js]
[bizweb.dktcdn.net/assets/themes_support/bizweb-apia87f.js]
[tmt-fashion-1.mysapo.net/account/login5e16.html]
[tmt-fashion-1.mysapo.net/account/login.html]
[bizweb.dktcdn.net/assets/themes_support/customera87f.js]
[bizweb.dktcdn.net/100/343/333/themes/702394/assets/jquery-fancybox-min4fcc.css]
[bizweb.dktcdn.net/thumb/master/100/343/333/products/0050150405-2-2-16c415.jpg]
[bizweb.dktcdn.net/100/343/333/products/7000322400-6-1-164835.jpg]
[connect.facebook.net/vi_VN/sdk.js]
[tmt-fashion-1.mysapo.net/hooded-houndstooth-blazer.html]
[bizweb.dktcdn.net/thumb/master/100/343/333/products/3444444505-1-1-16.9bcefa.delayed]
[bizweb.dktcdn.net/100/343/333/products/3444444505-2-1-16693f.jpg]
[bizweb.dktcdn.net/100/343/333/products/3444444505-2-2-16a2ec.jpg]
[bizweb.dktcdn.net/100/343/333/themes/702394/assets/jquery-fancybox-min4fcc.js]
[bizweb.dktcdn.net/100/343/333/products/3444444505-2-4-16dc97.jpg]
[bizweb.dktcdn.net/100/343/333/themes/702394/assets/soldout4fcc.png]
[bizweb.dktcdn.net/100/343/333/themes/702394/assets/select-pro4fcc.png]
[tmt-fashion-1.mysapo.net/down-gilet-with-contrast-piping.html]
[bizweb.dktcdn.net/thumb/master/100/343/333/products/3329426800-2-2-169c72.jpg]
[bizweb.dktcdn.net/100/343/333/products/3329426800-1-1-169c72.jpg]
[bizweb.dktcdn.net/100/343/333/products/3329426800-2-4-169c72.jpg]
[tmt-fashion-1.mysapo.net/black-nappa-seamed-jacket.html]
[bizweb.dktcdn.net/thumb/master/100/343/333/products/2049298401-1-1-16.a46ff6.delayed]
[bizweb.dktcdn.net/100/343/333/products/2049298401-2-1-16f1f3.jpg]
[bizweb.dktcdn.net/100/343/333/products/2049298401-2-3-1695ca.jpg]
[tmt-fashion-1.mysapo.net/travel-suit-slim-fit-striped-wool-blazer.html]
[bizweb.dktcdn.net/thumb/master/100/343/333/products/2002203401-2-3-16.a7747f.delayed]
[bizweb.dktcdn.net/100/343/333/products/2002203401-2-1-16747f.jpg]
[bizweb.dktcdn.net/100/343/333/products/2002203401-2-2-16747f.jpg]
[bizweb.dktcdn.net/100/343/333/products/2002203401-2-6-16747f.jpg]
[tmt-fashion-1.mysapo.net/slim-fit-wool-blazer-with-pockets.html]
[bizweb.dktcdn.net/100/343/333/products/0760154606-1-1-16dc93.jpg]
[bizweb.dktcdn.net/thumb/master/100/343/333/products/0760154606-1-1-16.acdc93.delayed]
[bizweb.dktcdn.net/100/343/333/products/0760154606-2-1-168a68.jpg]
[bizweb.dktcdn.net/100/343/333/products/0760154606-2-2-164614.jpg]
[bizweb.dktcdn.net/100/343/333/products/0760154606-2-3-16f363.jpg]
[bizweb.dktcdn.net/100/343/333/products/0760154606-2-4-163f23.jpg]
[bizweb.dktcdn.net/100/343/333/products/0760154606-2-5-169e16.jpg]
[tmt-fashion-1.mysapo.net/ao-thun-corduroy.html]
[bizweb.dktcdn.net/thumb/master/100/343/333/products/6744538800-1-1-16.b26217.delayed]
[bizweb.dktcdn.net/100/343/333/products/6744538800-2-1-16bace.jpg]
[bizweb.dktcdn.net/100/343/333/products/6744538800-2-3-16fd89.jpg]
[bizweb.dktcdn.net/100/343/333/products/6744538800-2-5-165d92.jpg]
[bizweb.dktcdn.net/100/343/333/products/6744538800-2-6-16eab6.jpg]
[tmt-fashion-1.mysapo.net/black-velvet-jacket.html]
[tmt-fashion-1.mysapo.net/searchce52.html]
[bizweb.dktcdn.net/thumb/master/100/343/333/products/6682729807-1-1-16.b800dd.delayed]
[bizweb.dktcdn.net/100/343/333/products/6682729807-2-1-16b023.jpg]
[bizweb.dktcdn.net/100/343/333/products/6682729807-2-2-1699fc.jpg]
[bizweb.dktcdn.net/100/343/333/products/6682729807-2-3-167bad.jpg]
[bizweb.dktcdn.net/100/343/333/products/6682729807-2-4-16b342.jpg]
[bizweb.dktcdn.net/100/343/333/products/6682729807-2-6-165c0e.jpg]
[tmt-fashion-1.mysapo.net/fringed-dress-with-bow.html]
[bizweb.dktcdn.net/thumb/master/100/343/333/products/6633730800-1-1-16.be2075.delayed]
[bizweb.dktcdn.net/100/343/333/products/6633730800-2-1-16de03.jpg]
[bizweb.dktcdn.net/100/343/333/products/6633730800-2-2-16039e.jpg]
[bizweb.dktcdn.net/100/343/333/products/6633730800-2-3-169109.jpg]
[tmt-fashion-1.mysapo.net/pleated-dress.html]
[bizweb.dktcdn.net/thumb/master/100/343/333/products/6456723800-1-1-16.c25caf.delayed]
[bizweb.dktcdn.net/100/343/333/products/6456723800-2-1-1683d3.jpg]
[bizweb.dktcdn.net/100/343/333/products/6456723800-2-2-162aba.jpg]
[bizweb.dktcdn.net/100/343/333/products/6456723800-2-3-16f9d5.jpg]
[bizweb.dktcdn.net/100/343/333/products/6456723800-2-5-16a435.jpg]
[bizweb.dktcdn.net/100/343/333/products/6456723800-2-6-16f699.jpg]
[tmt-fashion-1.mysapo.net/black-belted-wool-coat.html]
[tmt-fashion-1.mysapo.net/search6196.html]
[bizweb.dktcdn.net/thumb/master/100/343/333/products/5623706401-1-1-16-1.c9dbb3.delayed]
[bizweb.dktcdn.net/100/343/333/products/5623706401-1-1-1603aa.jpg]
[bizweb.dktcdn.net/100/343/333/products/5623706401-2-1-16e1cf.jpg]
[bizweb.dktcdn.net/100/343/333/products/5623706401-2-5-16928e.jpg]
[tmt-fashion-1.mysapo.net/sparkly-navy-textured-sweater.html]
[bizweb.dktcdn.net/thumb/master/100/343/333/products/5127894401-2-2-16.cd8644.delayed]
[bizweb.dktcdn.net/100/343/333/products/5127894401-2-4-162f24.jpg]
[bizweb.dktcdn.net/100/343/333/products/5127894401-2-5-16945a.jpg]
[tmt-fashion-1.mysapo.net/floral-print-shirt-with-pockets.html]
[file.hstatic.net/1000253477/file/suit-nam-xanh-elle-man-1_grande.jpg]
[file.hstatic.net/1000253477/file/suit-nam-xanh-elle-man-2_grande.jpg]
[file.hstatic.net/1000253477/file/suit-nam-xanh-elle-man-23_grande.jpg]
[bizweb.dktcdn.net/thumb/medium/100/343/333/articles/blog2-masterf663.jpg]
[bizweb.dktcdn.net/thumb/medium/100/343/333/articles/blog3-masterd6c2.jpg]
[tmt-fashion-1.mysapo.net/blogs/all.html]
[tmt-fashion-1.mysapo.net/suit-nam-mau-xanh-mac-sao-cho-dep/chuyen-an-mac.html]
[tmt-fashion-1.mysapo.net/suit-nam-mau-xanh-mac-sao-cho-dep.html]
[file.hstatic.net/1000253477/file/-viet-nam-nguyen-tac-phoi-do-quan-trong-tao-diem-cong-khi-di-xin-viec7_grande.jpg]
[tmt-fashion-1.mysapo.net/suit-nam-mau-xanh-mac-sao-cho-dep/do-cong-so.html]
[file.hstatic.net/1000253477/file/viet-nam-nguyen-tac-phoi-do-quan-trong-tao-diem-cong-khi-di-xin-viec13_grande.jpg]
[file.hstatic.net/1000253477/file/-viet-nam-nguyen-tac-phoi-do-quan-trong-tao-diem-cong-khi-di-xin-viec9_grande.jpg]
[bizweb.dktcdn.net/thumb/medium/100/343/333/articles/blog1-master2db1.jpg]
[tmt-fashion-1.mysapo.net/nguyen-tac-phoi-do-tao-diem-cong-khi-di-xin-viec/chuyen-an-mac.html]
[tmt-fashion-1.mysapo.net/nguyen-tac-phoi-do-tao-diem-cong-khi-di-xin-viec/do-cong-so.html]
[tmt-fashion-1.mysapo.net/nguyen-tac-phoi-do-tao-diem-cong-khi-di-xin-viec.html]
[file.hstatic.net/1000253477/file/suit-nam-jacket-lapel-shirt-collar-elle-man_grande.jpg]
[file.hstatic.net/1000253477/file/suit-nam-khan-tui-1-elle-man_grande.jpg]
[file.hstatic.net/1000253477/file/suit-nam-khan-tui-elle-man_grande.jpg]
[file.hstatic.net/1000253477/file/suit-nam-thick-lapel-big-tie-elle-man_grande.jpg]
[tmt-fashion-1.mysapo.net/9-tip-ngan-phai-thuoc-nam-long-khi-dien-suit-nam/chuyen-an-mac.html]
[tmt-fashion-1.mysapo.net/9-tip-ngan-phai-thuoc-nam-long-khi-dien-suit-nam.html]
[bizweb.dktcdn.net/100/343/333/themes/702394/assets/owl.video.play.png]
[bizweb.dktcdn.net/100/343/333/themes/702394/assets/fonts/flexslider-icon.eot]
[bizweb.dktcdn.net/100/343/333/themes/702394/assets/fonts/flexslider-icond41d.eot]
[bizweb.dktcdn.net/100/343/333/themes/702394/assets/fonts/flexslider-icon.woff]
[bizweb.dktcdn.net/100/343/333/themes/702394/assets/fonts/flexslider-icon.ttf]
[bizweb.dktcdn.net/100/343/333/themes/702394/assets/fonts/flexslider-icon.svg]
[bizweb.dktcdn.net/100/343/333/themes/702394/assets/close.gif]
[bizweb.dktcdn.net/100/343/333/themes/702394/assets/slider-left1bdb.png]
[bizweb.dktcdn.net/100/343/333/themes/702394/assets/img/icon/slider-left-hover.png]
[bizweb.dktcdn.net/100/343/333/themes/702394/assets/img/icon/slider-right-hover.png]
[bizweb.dktcdn.net/100/343/333/themes/702394/assets/slider-right1bdb.png]
[bizweb.dktcdn.net/100/343/333/themes/702394/assets/img/bg/bg2.jpg]
[bizweb.dktcdn.net/100/343/333/themes/702394/assets/bg11bdb.jpg]
[bizweb.dktcdn.net/100/343/333/themes/702394/assets/testimonial-icon1bdb.png]
[bizweb.dktcdn.net/100/343/333/themes/702394/assets/img/bg/service-bg1.jpg]
[bizweb.dktcdn.net/100/343/333/themes/702394/assets/img/bg/service-bg2.jpg]
[bizweb.dktcdn.net/100/343/333/themes/702394/assets/img/bg/service-bg3.jpg]
[bizweb.dktcdn.net/100/343/333/themes/702394/assets/img/bg/service-bg4.jpg]
[bizweb.dktcdn.net/100/343/333/themes/702394/assets/img/bg/contact2-social.jpg]
[bizweb.dktcdn.net/100/343/333/themes/702394/images/arr-down.png]
[bizweb.dktcdn.net/100/343/333/themes/702394/assets/check-ser1bdb.png]
[tmt-fashion-1.mysapo.net/tin-tuc/chuyen-an-mac.html]
[tmt-fashion-1.mysapo.net/tin-tuc/do-cong-so.html]
[tmt-fashion-1.mysapo.net/9-tip-ngan-phai-thuoc-nam-long-khi-dien-suit-nam/do-cong-so.html]
[bizweb.dktcdn.net/100/343/333/themes/702394/assets/icon-checkout7dfd.png]
[bizweb.dktcdn.net/100/343/333/themes/702394/assets/custommer4fcc.css]
[bizweb.dktcdn.net/100/343/333/themes/702394/assets/jquery-fancybox-min4fcc.css]
[bizweb.dktcdn.net/thumb/master/100/343/333/products/0050150405-2-2-16c415.html]
[connect.facebook.net/vi_VN/sdk.js]
[bizweb.dktcdn.net/thumb/master/100/343/333/products/3444444505-1-1-16cefa.html]
[bizweb.dktcdn.net/thumb/master/100/343/333/products/3329426800-2-2-169c72.html]
[bizweb.dktcdn.net/thumb/master/100/343/333/products/2049298401-1-1-166ff6.html]
[bizweb.dktcdn.net/thumb/master/100/343/333/products/2002203401-2-3-16747f.html]
[bizweb.dktcdn.net/thumb/master/100/343/333/products/0760154606-1-1-16dc93.html]
[bizweb.dktcdn.net/thumb/master/100/343/333/products/6744538800-1-1-166217.html]
[tmt-fashion-1.mysapo.net/searchce52.html]
[bizweb.dktcdn.net/thumb/master/100/343/333/products/6682729807-1-1-1600dd.html]
[bizweb.dktcdn.net/thumb/master/100/343/333/products/6633730800-1-1-162075.html]
[bizweb.dktcdn.net/thumb/master/100/343/333/products/6456723800-1-1-165caf.html]
[tmt-fashion-1.mysapo.net/search6196.html]
[bizweb.dktcdn.net/thumb/master/100/343/333/products/5623706401-1-1-16-1dbb3.html]
[bizweb.dktcdn.net/thumb/master/100/343/333/products/5127894401-2-2-168644.html]
[tmt-fashion-1.mysapo.net/search.html]
[tmt-fashion-1.mysapo.net/all.e6.delayed]
[tmt-fashion-1.mysapo.net/blogs/all/tagged/chuyen-an-mac.html]
[tmt-fashion-1.mysapo.net/blogs/all.html]
[tmt-fashion-1.mysapo.net/suit-nam-mau-xanh-mac-sao-cho-dep/chuyen-an-mac.html]
[tmt-fashion-1.mysapo.net/suit-nam-mau-xanh-mac-sao-cho-dep/do-cong-so.html]
[tmt-fashion-1.mysapo.net/nguyen-tac-phoi-do-tao-diem-cong-khi-di-xin-viec/chuyen-an-mac.html]
[tmt-fashion-1.mysapo.net/nguyen-tac-phoi-do-tao-diem-cong-khi-di-xin-viec/do-cong-so.html]
[tmt-fashion-1.mysapo.net/9-tip-ngan-phai-thuoc-nam-long-khi-dien-suit-nam/chuyen-an-mac.html]
[tmt-fashion-1.mysapo.net/9-tip-ngan-phai-thuoc-nam-long-khi-dien-suit-nam/do-cong-so.html]
[tmt-fashion-1.mysapo.net/blogs/all/tagged/do-cong-so.html]
[tmt-fashion-1.mysapo.net/search.html]
[tmt-fashion-1.mysapo.net/all.html]
[tmt-fashion-1.mysapo.net/search4658.html]
[tmt-fashion-1.mysapo.net/all/tagged/chuyen-an-mac]
[tmt-fashion-1.mysapo.net/blogs/all/tagged/chuyen-an-mac.html]
[tmt-fashion-1.mysapo.net/all/tagged/do-cong-so]
[tmt-fashion-1.mysapo.net/blogs/all/tagged/do-cong-so.html]
[tmt-fashion-1.mysapo.net/search4658.html]
[tmt-fashion-1.mysapo.net/all/tagged/chuyen-an-mac.html]
[tmt-fashion-1.mysapo.net/all/tagged/do-cong-so.html]
[tmt-fashion-1.mysapo.net/search2679.html]
[tmt-fashion-1.mysapo.net/search2679.html]
